// Jest Snapshot v1, https://goo.gl/fbAQLP

exports[`SignInform Component renders correctly 1`] = `
Array [
  "",
  <form
    className="sign-In"
    method="post"
    onSubmit={[Function]}
  >
    
    <div
      className="space"
    >
      <h1>
         SIGN IN 
      </h1>
    </div>
    <br />
    <label>
      Email:
    </label>
    <br />
    <input
      className="Email"
      name="email"
      onBlur={[Function]}
      onChange={[Function]}
      placeholder="Enter Your Email"
      required={true}
      type="email"
      value=""
    />
    <br />
    <br />
    <label>
      Password:
    </label>
    <br />
    <input
      autoComplete="new-password"
      className="password"
      id="signupPassword"
      name="password"
      onBlur={[Function]}
      onChange={[Function]}
      placeholder="Enter Your Password"
      required={true}
      type="password"
      value=""
    />
    <br />
    <br />
    <button
      className="sub-btn"
    >
      <span>
        <span
          className="sweet-loading"
        />
        Submit
      </span>
    </button>
    <p>
      You don't have an account ? 
      <a
        href="/SignUp"
        onClick={[Function]}
      >
        SIGN UP ! 
      </a>
    </p>
    <p>
      Sign In as 
      <a
        href="/AdminSignIn"
        onClick={[Function]}
      >
        Admin 
      </a>
    </p>
    <small>
      <a
        href="/"
        onClick={[Function]}
      >
           
        <span>
           Home â†’
        </span>
          
      </a>
    </small>
  </form>,
]
`;
